// Jest Snapshot v1, https://goo.gl/fbAQLP

exports[`TextArea component should match snapshot 1`] = `
<div>
  <div
    class="css-3j7u2z-TextArea"
  >
    <div
      class="css-1yiveqa-InputWrapper"
    >
      <label
        class="css-1x6zbg6-InputWrapper"
        for="area"
      >
        <div
          class="css-1x18leo-Text"
        >
          textarea
        </div>
      </label>
      <textarea
        class="css-ki8o5-TextArea"
        id="area"
        placeholder="placeholder"
        rows="1"
        style="height: 6.5rem; min-height: 6.5rem; max-height: 6.5rem; overflow-x: hidden; word-wrap: break-word;"
      />
      <label
        class="css-1x6zbg6-InputWrapper"
        for="area"
      >
        <div
          class="css-1x18leo-Text"
        >
          helpText
        </div>
      </label>
    </div>
  </div>
</div>
`;
