// Jest Snapshot v1, https://goo.gl/fbAQLP

exports[`DateInput component should match snapshot 1`] = `
<div>
  <div>
    <div
      class="css-113h4u2-DateInput"
    >
      <div
        class="css-1yiveqa-InputWrapper"
      >
        <div
          class="css-u4w0n1"
        >
          <input
            class="css-p4odd6"
            id="datepicker"
            placeholder="DD / MM / YYYY"
            value="01 / 11 / 2020"
          />
          <div
            class="css-for0eg-TextboxTail"
          >
            <i
              class="material-icons  css-1tdpy2z-Icon"
            >
              date_range
            </i>
          </div>
        </div>
      </div>
    </div>
  </div>
</div>
`;
