// Jest Snapshot v1, https://goo.gl/fbAQLP

exports[`Checkbox component should match snapshot 1`] = `
<div>
  <div
    class="css-hfz0wm-InputWrapper"
  >
    <label
      class="css-7ojqvb-InputWrapper"
      for="checkbox"
    >
      <div
        class="css-3vy6se-Text"
      >
        checkbox
      </div>
    </label>
    <div
      class="css-1977fki-Checkbox"
    >
      <label
        class="css-lhofcl-Checkbox"
        for="checkbox"
      >
        test checkbox
      </label>
      <div
        class="css-8qt76p-Checkbox"
      >
        <div
          class="css-1mrog33-Checkbox"
        />
      </div>
      <input
        class="css-1bi88cn-Checkbox"
        id="checkbox"
        readonly=""
        type="checkbox"
      />
    </div>
    <label
      class="css-7ojqvb-InputWrapper"
      for="checkbox"
    >
      <div
        class="css-3vy6se-Text"
      >
        tooltip
      </div>
    </label>
  </div>
</div>
`;
