// Jest Snapshot v1, https://goo.gl/fbAQLP

exports[`ToastContainer component should match snapshot 1`] = `
<div>
  <div
    class="css-xuneqf"
    id="draekien_ui_toast_container"
  >
    <div
      class="css-1vixhij"
      style="height: 0px;"
    >
      <i
        class="material-icons css-1mkw5fx-Icon"
      >
        check_circle
      </i>
      <div
        class="css-18u318"
      >
        Toast 1 Title
      </div>
      <div
        class="css-1jhfx10"
      >
        Toast 1 Message
      </div>
      <i
        class="material-icons css-1w1snbv-Icon"
      >
        close
      </i>
    </div>
    <div
      class="css-1vixhij"
      style="height: 0px;"
    >
      <i
        class="material-icons css-1mkw5fx-Icon"
      >
        check_circle
      </i>
      <div
        class="css-18u318"
      >
        Toast 2 Title
      </div>
      <div
        class="css-1jhfx10"
      >
        Toast 2 Message
      </div>
      <i
        class="material-icons css-1w1snbv-Icon"
      >
        close
      </i>
    </div>
  </div>
</div>
`;
