// Jest Snapshot v1, https://goo.gl/fbAQLP

exports[`ToastContainer component should match snapshot 1`] = `
<div>
  <div
    class="css-mw92no"
    id="draekien_ui_toast_container"
  >
    <div
      class="css-wwl213"
      style="height: 0px;"
    >
      <i
        class="material-icons css-148htax-Icon"
      >
        check_circle
      </i>
      <div
        class="css-d3ud5j"
      >
        Toast 1 Title
      </div>
      <div
        class="css-1o9fee3"
      >
        Toast 1 Message
      </div>
      <i
        class="material-icons css-b6hqi9-Icon"
      >
        close
      </i>
    </div>
    <div
      class="css-wwl213"
      style="height: 0px;"
    >
      <i
        class="material-icons css-148htax-Icon"
      >
        check_circle
      </i>
      <div
        class="css-d3ud5j"
      >
        Toast 2 Title
      </div>
      <div
        class="css-1o9fee3"
      >
        Toast 2 Message
      </div>
      <i
        class="material-icons css-b6hqi9-Icon"
      >
        close
      </i>
    </div>
  </div>
</div>
`;
