// Jest Snapshot v1, https://goo.gl/fbAQLP

exports[`InputWrapper component should match snapshot 1`] = `
<div>
  <div
    class="css-hfz0wm-InputWrapper"
  >
    <label
      class="css-7ojqvb-InputWrapper"
      for="test"
    >
      <div
        class="css-3vy6se-Text"
      >
        test
      </div>
    </label>
    <label
      class="css-7ojqvb-InputWrapper"
      for="test"
    >
      <div
        class="css-3vy6se-Text"
      >
        test
      </div>
    </label>
  </div>
</div>
`;
