// Jest Snapshot v1, https://goo.gl/fbAQLP

exports[`InputWrapper component should match snapshot 1`] = `
<div>
  <div
    class="css-1yiveqa-InputWrapper"
  >
    <label
      class="css-1xx1j7c-InputWrapper"
      for="test"
    >
      <div
        class="css-1x18leo-Text"
      >
        test
      </div>
    </label>
    <label
      class="css-1xx1j7c-InputWrapper"
      for="test"
    >
      <div
        class="css-1x18leo-Text"
      >
        test
      </div>
    </label>
  </div>
</div>
`;
