// Jest Snapshot v1, https://goo.gl/fbAQLP

exports[`Navbar component should match snaptshot 1`] = `
<div>
  <div>
    <nav
      class="css-8lvt6e-Navbar"
    >
      <div
        class="css-1sdsjsc-Navbar"
      >
        <a
          href="/"
        />
        <div
          class="css-1vlz94w"
        />
      </div>
    </nav>
  </div>
</div>
`;
