// Jest Snapshot v1, https://goo.gl/fbAQLP

exports[`DatePicker util getDateStrings returns date string 1`] = `"1,5,2020,1,1,2020,1,2,2020,1,0,2021"`;

exports[`DatePicker util getDaysOfWeek should return days of week in correct order when start day is Monday 1`] = `
Array [
  Object {
    "longLabel": "Monday",
    "shortLabel": "M",
  },
  Object {
    "longLabel": "Tuesday",
    "shortLabel": "T",
  },
  Object {
    "longLabel": "Wednesday",
    "shortLabel": "W",
  },
  Object {
    "longLabel": "Thursday",
    "shortLabel": "T",
  },
  Object {
    "longLabel": "Friday",
    "shortLabel": "F",
  },
  Object {
    "longLabel": "Saturday",
    "shortLabel": "S",
  },
  Object {
    "longLabel": "Sunday",
    "shortLabel": "S",
  },
]
`;

exports[`DatePicker util getDaysOfWeek should return days of week in correct order when start day is Sunday 1`] = `
Array [
  Object {
    "longLabel": "Sunday",
    "shortLabel": "S",
  },
  Object {
    "longLabel": "Monday",
    "shortLabel": "M",
  },
  Object {
    "longLabel": "Tuesday",
    "shortLabel": "T",
  },
  Object {
    "longLabel": "Wednesday",
    "shortLabel": "W",
  },
  Object {
    "longLabel": "Thursday",
    "shortLabel": "T",
  },
  Object {
    "longLabel": "Friday",
    "shortLabel": "F",
  },
  Object {
    "longLabel": "Saturday",
    "shortLabel": "S",
  },
]
`;
