// Jest Snapshot v1, https://goo.gl/fbAQLP

exports[`DatePicker component should match snapshot 1`] = `
<div>
  <div
    class="css-1ffeio2-DatePicker"
  >
    <div
      class="css-1irkkch-DatePicker"
    >
      <button
        class="css-r4utam-Button"
        type="button"
      >
        <span
          class="css-1ar16h4"
        >
          <i
            class="material-icons  css-1ike9wb-Icon"
          >
            chevron_left
          </i>
        </span>
        <span />
      </button>
      <span
        class="css-eydsp4-Text"
      >
        December 2020
      </span>
      <button
        class="css-r4utam-Button"
        type="button"
      >
        <span />
        <span
          class="css-1ar16h4"
        >
          <i
            class="material-icons  css-1ike9wb-Icon"
          >
            chevron_right
          </i>
        </span>
      </button>
    </div>
    <div
      class="css-o64vi5-DatePicker"
    >
      <span
        class="css-eydsp4-Text"
      >
        S
      </span>
      <span
        class="css-eydsp4-Text"
      >
        M
      </span>
      <span
        class="css-eydsp4-Text"
      >
        T
      </span>
      <span
        class="css-eydsp4-Text"
      >
        W
      </span>
      <span
        class="css-eydsp4-Text"
      >
        T
      </span>
      <span
        class="css-eydsp4-Text"
      >
        F
      </span>
      <span
        class="css-eydsp4-Text"
      >
        S
      </span>
    </div>
    <div
      class="css-1t85os0-DatePicker"
    >
      <span
        class="css-7r7jbe-Day"
      >
        29
      </span>
      <span
        class="css-7r7jbe-Day"
      >
        30
      </span>
      <span
        class="css-2hjx6u-Day"
      >
        1
      </span>
      <span
        class="css-2hjx6u-Day"
      >
        2
      </span>
      <span
        class="css-2hjx6u-Day"
      >
        3
      </span>
      <span
        class="css-2hjx6u-Day"
      >
        4
      </span>
      <span
        class="css-2hjx6u-Day"
      >
        5
      </span>
      <span
        class="css-2hjx6u-Day"
      >
        6
      </span>
      <span
        class="css-2hjx6u-Day"
      >
        7
      </span>
      <span
        class="css-2hjx6u-Day"
      >
        8
      </span>
      <span
        class="css-2hjx6u-Day"
      >
        9
      </span>
      <span
        class="css-2hjx6u-Day"
      >
        10
      </span>
      <span
        class="css-2hjx6u-Day"
      >
        11
      </span>
      <span
        class="css-2hjx6u-Day"
      >
        12
      </span>
      <span
        class="css-2hjx6u-Day"
      >
        13
      </span>
      <span
        class="css-2hjx6u-Day"
      >
        14
      </span>
      <span
        class="css-2hjx6u-Day"
      >
        15
      </span>
      <span
        class="css-2hjx6u-Day"
      >
        16
      </span>
      <span
        class="css-2hjx6u-Day"
      >
        17
      </span>
      <span
        class="css-2hjx6u-Day"
      >
        18
      </span>
      <span
        class="css-2hjx6u-Day"
      >
        19
      </span>
      <span
        class="css-2hjx6u-Day"
      >
        20
      </span>
      <span
        class="css-2hjx6u-Day"
      >
        21
      </span>
      <span
        class="css-2hjx6u-Day"
      >
        22
      </span>
      <span
        class="css-2hjx6u-Day"
      >
        23
      </span>
      <span
        class="css-2hjx6u-Day"
      >
        24
      </span>
      <span
        class="css-2hjx6u-Day"
      >
        25
      </span>
      <span
        class="css-2hjx6u-Day"
      >
        26
      </span>
      <span
        class="css-2hjx6u-Day"
      >
        27
      </span>
      <span
        class="css-2hjx6u-Day"
      >
        28
      </span>
      <span
        class="css-2hjx6u-Day"
      >
        29
      </span>
      <span
        class="css-2hjx6u-Day"
      >
        30
      </span>
      <span
        class="css-2hjx6u-Day"
      >
        31
      </span>
      <span
        class="css-7r7jbe-Day"
      >
        1
      </span>
      <span
        class="css-7r7jbe-Day"
      >
        2
      </span>
    </div>
  </div>
</div>
`;
