// Jest Snapshot v1, https://goo.gl/fbAQLP

exports[`DatePicker component should match snapshot 1`] = `
<div>
  <div
    class="css-4izroe-DatePicker"
  >
    <div
      class="css-1713ndw-DatePicker"
    >
      <button
        class="css-1bserlq-Button"
        type="button"
      >
        <span
          class="css-1geq0g0"
        >
          <i
            class="material-icons  css-18og482-Icon"
          >
            chevron_left
          </i>
        </span>
        <span />
      </button>
      <span
        class="css-an3kxw-Text"
      >
        March 2021
      </span>
      <button
        class="css-1bserlq-Button"
        type="button"
      >
        <span />
        <span
          class="css-1geq0g0"
        >
          <i
            class="material-icons  css-18og482-Icon"
          >
            chevron_right
          </i>
        </span>
      </button>
    </div>
    <div
      class="css-14rxwwq-DatePicker"
    >
      <span
        class="css-1s3pmdg-Text"
      >
        S
      </span>
      <span
        class="css-1s3pmdg-Text"
      >
        M
      </span>
      <span
        class="css-1s3pmdg-Text"
      >
        T
      </span>
      <span
        class="css-1s3pmdg-Text"
      >
        W
      </span>
      <span
        class="css-1s3pmdg-Text"
      >
        T
      </span>
      <span
        class="css-1s3pmdg-Text"
      >
        F
      </span>
      <span
        class="css-1s3pmdg-Text"
      >
        S
      </span>
    </div>
    <div
      class="css-4i4yi4-DatePicker"
    >
      <span
        class="css-1dlxmns-Day"
      >
        28
      </span>
      <span
        class="css-1iktl8e-Day"
      >
        1
      </span>
      <span
        class="css-1iktl8e-Day"
      >
        2
      </span>
      <span
        class="css-1iktl8e-Day"
      >
        3
      </span>
      <span
        class="css-1iktl8e-Day"
      >
        4
      </span>
      <span
        class="css-1iktl8e-Day"
      >
        5
      </span>
      <span
        class="css-1iktl8e-Day"
      >
        6
      </span>
      <span
        class="css-1iktl8e-Day"
      >
        7
      </span>
      <span
        class="css-1iktl8e-Day"
      >
        8
      </span>
      <span
        class="css-1iktl8e-Day"
      >
        9
      </span>
      <span
        class="css-1iktl8e-Day"
      >
        10
      </span>
      <span
        class="css-1iktl8e-Day"
      >
        11
      </span>
      <span
        class="css-1iktl8e-Day"
      >
        12
      </span>
      <span
        class="css-1iktl8e-Day"
      >
        13
      </span>
      <span
        class="css-1iktl8e-Day"
      >
        14
      </span>
      <span
        class="css-1iktl8e-Day"
      >
        15
      </span>
      <span
        class="css-1iktl8e-Day"
      >
        16
      </span>
      <span
        class="css-1iktl8e-Day"
      >
        17
      </span>
      <span
        class="css-1iktl8e-Day"
      >
        18
      </span>
      <span
        class="css-1iktl8e-Day"
      >
        19
      </span>
      <span
        class="css-1iktl8e-Day"
      >
        20
      </span>
      <span
        class="css-1iktl8e-Day"
      >
        21
      </span>
      <span
        class="css-1iktl8e-Day"
      >
        22
      </span>
      <span
        class="css-1iktl8e-Day"
      >
        23
      </span>
      <span
        class="css-1iktl8e-Day"
      >
        24
      </span>
      <span
        class="css-1iktl8e-Day"
      >
        25
      </span>
      <span
        class="css-1iktl8e-Day"
      >
        26
      </span>
      <span
        class="css-1iktl8e-Day"
      >
        27
      </span>
      <span
        class="css-1iktl8e-Day"
      >
        28
      </span>
      <span
        class="css-1iktl8e-Day"
      >
        29
      </span>
      <span
        class="css-1iktl8e-Day"
      >
        30
      </span>
      <span
        class="css-1iktl8e-Day"
      >
        31
      </span>
      <span
        class="css-1dlxmns-Day"
      >
        1
      </span>
      <span
        class="css-1dlxmns-Day"
      >
        2
      </span>
      <span
        class="css-1dlxmns-Day"
      >
        3
      </span>
    </div>
  </div>
</div>
`;
